// Jest Snapshot v1, https://goo.gl/fbAQLP

exports[`Should correctly render LoginPage correctly 1`] = `
<div>
  <h1>
    Login To Your Expense Dashboard
  </h1>
  <form>
    <input
      name="username"
      placeholder="username"
      required={true}
      type="text"
    />
    <input
      name="password"
      placeholder="password"
      required={true}
      type="password"
    />
    <button>
      Login
    </button>
  </form>
</div>
`;
